[     693ms] [ERROR] Failed to load resource: the server responded with a status of 504 (Outdated Optimize Dep) @ http://localhost:4321/node_modules/.vite/deps/astro-IQQQXCO3.js?v=358caaf9:0
[     706ms] Failed to fetch dynamically imported module: http://localhost:4321/node_modules/.vite/deps/astro-IQQQXCO3.js?v=358caaf9
[     695ms] [ERROR] Failed to load resource: the server responded with a status of 504 (Outdated Optimize Dep) @ http://localhost:4321/node_modules/.vite/deps/audit-ZNXLMFSS.js?v=358caaf9:0
[     697ms] [ERROR] Failed to load resource: the server responded with a status of 504 (Outdated Optimize Dep) @ http://localhost:4321/node_modules/.vite/deps/xray-XH6VIXDC.js?v=358caaf9:0
[     697ms] [ERROR] Failed to load resource: the server responded with a status of 504 (Outdated Optimize Dep) @ http://localhost:4321/node_modules/.vite/deps/settings-K4OHAGC2.js?v=358caaf9:0
[     698ms] [ERROR] Failed to load resource: the server responded with a status of 504 (Outdated Optimize Dep) @ http://localhost:4321/node_modules/.vite/deps/toolbar-2H5PSQQU.js?v=358caaf9:0
[     709ms] [ERROR] Failed to load resource: the server responded with a status of 504 (Outdated Optimize Dep) @ http://localhost:4321/node_modules/.vite/deps/ui-library-EVFCBMCE.js?v=358caaf9:0
[    8517ms] [ERROR] Failed to load resource: the server responded with a status of 504 (Outdated Optimize Dep) @ http://localhost:4321/node_modules/.vite/deps/astro-IQQQXCO3.js?v=358caaf9:0
[    8517ms] [ERROR] Failed to load resource: the server responded with a status of 504 (Outdated Optimize Dep) @ http://localhost:4321/node_modules/.vite/deps/audit-ZNXLMFSS.js?v=358caaf9:0
[    8517ms] [ERROR] Failed to load resource: the server responded with a status of 504 (Outdated Optimize Dep) @ http://localhost:4321/node_modules/.vite/deps/xray-XH6VIXDC.js?v=358caaf9:0
[    8529ms] Failed to fetch dynamically imported module: http://localhost:4321/node_modules/.vite/deps/astro-IQQQXCO3.js?v=358caaf9
[    8517ms] [ERROR] Failed to load resource: the server responded with a status of 504 (Outdated Optimize Dep) @ http://localhost:4321/node_modules/.vite/deps/settings-K4OHAGC2.js?v=358caaf9:0
[    8517ms] [ERROR] Failed to load resource: the server responded with a status of 504 (Outdated Optimize Dep) @ http://localhost:4321/node_modules/.vite/deps/toolbar-2H5PSQQU.js?v=358caaf9:0
[    8518ms] [ERROR] Failed to load resource: the server responded with a status of 504 (Outdated Optimize Dep) @ http://localhost:4321/node_modules/.vite/deps/ui-library-EVFCBMCE.js?v=358caaf9:0
[   42407ms] [ERROR] Failed to load resource: the server responded with a status of 504 (Outdated Optimize Dep) @ http://localhost:4321/node_modules/.vite/deps/astro-IQQQXCO3.js?v=358caaf9:0
[   42414ms] Failed to fetch dynamically imported module: http://localhost:4321/node_modules/.vite/deps/astro-IQQQXCO3.js?v=358caaf9
[   42407ms] [ERROR] Failed to load resource: the server responded with a status of 504 (Outdated Optimize Dep) @ http://localhost:4321/node_modules/.vite/deps/settings-K4OHAGC2.js?v=358caaf9:0
[   42408ms] [ERROR] Failed to load resource: the server responded with a status of 504 (Outdated Optimize Dep) @ http://localhost:4321/node_modules/.vite/deps/xray-XH6VIXDC.js?v=358caaf9:0
[   42408ms] [ERROR] Failed to load resource: the server responded with a status of 504 (Outdated Optimize Dep) @ http://localhost:4321/node_modules/.vite/deps/toolbar-2H5PSQQU.js?v=358caaf9:0
[   42408ms] [ERROR] Failed to load resource: the server responded with a status of 504 (Outdated Optimize Dep) @ http://localhost:4321/node_modules/.vite/deps/ui-library-EVFCBMCE.js?v=358caaf9:0
[   42410ms] [ERROR] Failed to load resource: the server responded with a status of 504 (Outdated Optimize Dep) @ http://localhost:4321/node_modules/.vite/deps/audit-ZNXLMFSS.js?v=358caaf9:0
[   50374ms] [ERROR] Failed to load resource: the server responded with a status of 504 (Outdated Optimize Dep) @ http://localhost:4321/node_modules/.vite/deps/audit-ZNXLMFSS.js?v=358caaf9:0
[   50374ms] [ERROR] Failed to load resource: the server responded with a status of 504 (Outdated Optimize Dep) @ http://localhost:4321/node_modules/.vite/deps/astro-IQQQXCO3.js?v=358caaf9:0
[   50385ms] Failed to fetch dynamically imported module: http://localhost:4321/node_modules/.vite/deps/audit-ZNXLMFSS.js?v=358caaf9
[   50375ms] [ERROR] Failed to load resource: the server responded with a status of 504 (Outdated Optimize Dep) @ http://localhost:4321/node_modules/.vite/deps/xray-XH6VIXDC.js?v=358caaf9:0
[   50375ms] [ERROR] Failed to load resource: the server responded with a status of 504 (Outdated Optimize Dep) @ http://localhost:4321/node_modules/.vite/deps/settings-K4OHAGC2.js?v=358caaf9:0
[   50375ms] [ERROR] Failed to load resource: the server responded with a status of 504 (Outdated Optimize Dep) @ http://localhost:4321/node_modules/.vite/deps/toolbar-2H5PSQQU.js?v=358caaf9:0
[   50375ms] [ERROR] Failed to load resource: the server responded with a status of 504 (Outdated Optimize Dep) @ http://localhost:4321/node_modules/.vite/deps/ui-library-EVFCBMCE.js?v=358caaf9:0
[   58831ms] [ERROR] Failed to load resource: the server responded with a status of 504 (Outdated Optimize Dep) @ http://localhost:4321/node_modules/.vite/deps/astro-IQQQXCO3.js?v=358caaf9:0
[   58843ms] Failed to fetch dynamically imported module: http://localhost:4321/node_modules/.vite/deps/astro-IQQQXCO3.js?v=358caaf9
[   58832ms] [ERROR] Failed to load resource: the server responded with a status of 504 (Outdated Optimize Dep) @ http://localhost:4321/node_modules/.vite/deps/audit-ZNXLMFSS.js?v=358caaf9:0
[   58832ms] [ERROR] Failed to load resource: the server responded with a status of 504 (Outdated Optimize Dep) @ http://localhost:4321/node_modules/.vite/deps/xray-XH6VIXDC.js?v=358caaf9:0
[   58832ms] [ERROR] Failed to load resource: the server responded with a status of 504 (Outdated Optimize Dep) @ http://localhost:4321/node_modules/.vite/deps/settings-K4OHAGC2.js?v=358caaf9:0
[   58832ms] [ERROR] Failed to load resource: the server responded with a status of 504 (Outdated Optimize Dep) @ http://localhost:4321/node_modules/.vite/deps/toolbar-2H5PSQQU.js?v=358caaf9:0
[   58832ms] [ERROR] Failed to load resource: the server responded with a status of 504 (Outdated Optimize Dep) @ http://localhost:4321/node_modules/.vite/deps/ui-library-EVFCBMCE.js?v=358caaf9:0
[   63271ms] [ERROR] Failed to load resource: the server responded with a status of 504 (Outdated Optimize Dep) @ http://localhost:4321/node_modules/.vite/deps/astro-IQQQXCO3.js?v=358caaf9:0
[   63291ms] Failed to fetch dynamically imported module: http://localhost:4321/node_modules/.vite/deps/astro-IQQQXCO3.js?v=358caaf9
[   63272ms] [ERROR] Failed to load resource: the server responded with a status of 504 (Outdated Optimize Dep) @ http://localhost:4321/node_modules/.vite/deps/audit-ZNXLMFSS.js?v=358caaf9:0
[   63272ms] [ERROR] Failed to load resource: the server responded with a status of 504 (Outdated Optimize Dep) @ http://localhost:4321/node_modules/.vite/deps/xray-XH6VIXDC.js?v=358caaf9:0
[   63272ms] [ERROR] Failed to load resource: the server responded with a status of 504 (Outdated Optimize Dep) @ http://localhost:4321/node_modules/.vite/deps/settings-K4OHAGC2.js?v=358caaf9:0
[   63273ms] [ERROR] Failed to load resource: the server responded with a status of 504 (Outdated Optimize Dep) @ http://localhost:4321/node_modules/.vite/deps/toolbar-2H5PSQQU.js?v=358caaf9:0
[   63273ms] [ERROR] Failed to load resource: the server responded with a status of 504 (Outdated Optimize Dep) @ http://localhost:4321/node_modules/.vite/deps/ui-library-EVFCBMCE.js?v=358caaf9:0
[   69586ms] [ERROR] Failed to load resource: the server responded with a status of 504 (Outdated Optimize Dep) @ http://localhost:4321/node_modules/.vite/deps/astro-IQQQXCO3.js?v=358caaf9:0
[   69608ms] Failed to fetch dynamically imported module: http://localhost:4321/node_modules/.vite/deps/astro-IQQQXCO3.js?v=358caaf9
[   69587ms] [ERROR] Failed to load resource: the server responded with a status of 504 (Outdated Optimize Dep) @ http://localhost:4321/node_modules/.vite/deps/audit-ZNXLMFSS.js?v=358caaf9:0
[   69587ms] [ERROR] Failed to load resource: the server responded with a status of 504 (Outdated Optimize Dep) @ http://localhost:4321/node_modules/.vite/deps/xray-XH6VIXDC.js?v=358caaf9:0
[   69588ms] [ERROR] Failed to load resource: the server responded with a status of 504 (Outdated Optimize Dep) @ http://localhost:4321/node_modules/.vite/deps/settings-K4OHAGC2.js?v=358caaf9:0
[   69589ms] [ERROR] Failed to load resource: the server responded with a status of 504 (Outdated Optimize Dep) @ http://localhost:4321/node_modules/.vite/deps/toolbar-2H5PSQQU.js?v=358caaf9:0
[   69603ms] [ERROR] Failed to load resource: the server responded with a status of 504 (Outdated Optimize Dep) @ http://localhost:4321/node_modules/.vite/deps/ui-library-EVFCBMCE.js?v=358caaf9:0
