[      96ms] [ERROR] Failed to load resource: the server responded with a status of 504 (Outdated Optimize Dep) @ http://localhost:4321/node_modules/.vite/deps/astro-IQQQXCO3.js?v=358caaf9:0
[     105ms] Failed to fetch dynamically imported module: http://localhost:4321/node_modules/.vite/deps/astro-IQQQXCO3.js?v=358caaf9
[      96ms] [ERROR] Failed to load resource: the server responded with a status of 504 (Outdated Optimize Dep) @ http://localhost:4321/node_modules/.vite/deps/audit-ZNXLMFSS.js?v=358caaf9:0
[      97ms] [ERROR] Failed to load resource: the server responded with a status of 504 (Outdated Optimize Dep) @ http://localhost:4321/node_modules/.vite/deps/xray-XH6VIXDC.js?v=358caaf9:0
[      97ms] [ERROR] Failed to load resource: the server responded with a status of 504 (Outdated Optimize Dep) @ http://localhost:4321/node_modules/.vite/deps/settings-K4OHAGC2.js?v=358caaf9:0
[      97ms] [ERROR] Failed to load resource: the server responded with a status of 504 (Outdated Optimize Dep) @ http://localhost:4321/node_modules/.vite/deps/toolbar-2H5PSQQU.js?v=358caaf9:0
[      97ms] [ERROR] Failed to load resource: the server responded with a status of 504 (Outdated Optimize Dep) @ http://localhost:4321/node_modules/.vite/deps/ui-library-EVFCBMCE.js?v=358caaf9:0
[   47857ms] [ERROR] Failed to load resource: the server responded with a status of 504 (Outdated Optimize Dep) @ http://localhost:4321/node_modules/.vite/deps/astro-IQQQXCO3.js?v=358caaf9:0
[   47858ms] [ERROR] Failed to load resource: the server responded with a status of 504 (Outdated Optimize Dep) @ http://localhost:4321/node_modules/.vite/deps/audit-ZNXLMFSS.js?v=358caaf9:0
[   47907ms] Failed to fetch dynamically imported module: http://localhost:4321/node_modules/.vite/deps/astro-IQQQXCO3.js?v=358caaf9
[   47859ms] [ERROR] Failed to load resource: the server responded with a status of 504 (Outdated Optimize Dep) @ http://localhost:4321/node_modules/.vite/deps/xray-XH6VIXDC.js?v=358caaf9:0
[   47860ms] [ERROR] Failed to load resource: the server responded with a status of 504 (Outdated Optimize Dep) @ http://localhost:4321/node_modules/.vite/deps/settings-K4OHAGC2.js?v=358caaf9:0
[   47862ms] [ERROR] Failed to load resource: the server responded with a status of 504 (Outdated Optimize Dep) @ http://localhost:4321/node_modules/.vite/deps/toolbar-2H5PSQQU.js?v=358caaf9:0
[   47862ms] [ERROR] Failed to load resource: the server responded with a status of 504 (Outdated Optimize Dep) @ http://localhost:4321/node_modules/.vite/deps/ui-library-EVFCBMCE.js?v=358caaf9:0
[   74815ms] [ERROR] Failed to load resource: the server responded with a status of 504 (Outdated Optimize Dep) @ http://localhost:4321/node_modules/.vite/deps/astro-IQQQXCO3.js?v=358caaf9:0
[   74819ms] Failed to fetch dynamically imported module: http://localhost:4321/node_modules/.vite/deps/astro-IQQQXCO3.js?v=358caaf9
[   74823ms] [ERROR] Failed to load resource: the server responded with a status of 504 (Outdated Optimize Dep) @ http://localhost:4321/node_modules/.vite/deps/audit-ZNXLMFSS.js?v=358caaf9:0
[   74823ms] [ERROR] Failed to load resource: the server responded with a status of 504 (Outdated Optimize Dep) @ http://localhost:4321/node_modules/.vite/deps/xray-XH6VIXDC.js?v=358caaf9:0
[   74823ms] [ERROR] Failed to load resource: the server responded with a status of 504 (Outdated Optimize Dep) @ http://localhost:4321/node_modules/.vite/deps/toolbar-2H5PSQQU.js?v=358caaf9:0
[   74823ms] [ERROR] Failed to load resource: the server responded with a status of 504 (Outdated Optimize Dep) @ http://localhost:4321/node_modules/.vite/deps/settings-K4OHAGC2.js?v=358caaf9:0
[   74823ms] [ERROR] Failed to load resource: the server responded with a status of 504 (Outdated Optimize Dep) @ http://localhost:4321/node_modules/.vite/deps/ui-library-EVFCBMCE.js?v=358caaf9:0
